[codeefly.net/wp/zyan/index.html]
[backblue.gif]
[fade.gif]
[index.html]
[codeefly.net/wp/zyan/wp-includes/css/dist/block-library/style.min0899.css]
[codeefly.net/wp/zyan/wp-content/plugins/contact-form-7/includes/css/styles080f.css]
[codeefly.net/wp/zyan/feed/index.html]
[codeefly.net/wp/zyan/wp-content/themes/zyan/assets/css/font-awesome-pro8a54.css]
[codeefly.net/wp/zyan/wp-content/themes/zyan/assets/css/iconsax-icon.min8a54.css]
[codeefly.net/wp/zyan/wp-content/themes/zyan/assets/css/bootstrap.min8a54.css]
[codeefly.net/wp/zyan/wp-content/themes/zyan/assets/css/scroll_button8a54.css]
[codeefly.net/wp/zyan/comments/feed/index.html]
[codeefly.net/wp/zyan/wp-content/themes/zyan/assets/css/plugin8a54.css]
[codeefly.net/wp/zyan/wp-content/themes/zyan/assets/css/spacing8a54.css]
[codeefly.net/wp/zyan/wp-content/themes/zyan/assets/css/zyan-unit8a54.css]
[codeefly.net/wp/zyan/wp-content/themes/zyan/assets/css/zyan-core8a54.css]
[codeefly.net/wp/zyan/wp-content/themes/zyan/assets/css/responsive8a54.css]
[codeefly.net/wp/zyan/wp-content/themes/zyan/style8a54.css]
[codeefly.net/wp/zyan/wp-content/plugins/elementor/assets/lib/eicons/css/elementor-icons.min192d.css]
[codeefly.net/wp/zyan/wp-content/plugins/elementor/assets/css/frontend-lite.min5d63.css]
[codeefly.net/wp/zyan/wp-content/plugins/elementor/assets/lib/swiper/v8/css/swiper.min94a4.css]
[codeefly.net/wp/zyan/wp-content/uploads/elementor/css/post-802f1.css]
[codeefly.net/wp/zyan/wp-content/uploads/elementor/css/global02f1.css]
[codeefly.net/wp/zyan/wp-content/uploads/elementor/css/post-34602f1.css]
[codeefly.net/wp/zyan/wp-content/plugins/elementor/assets/lib/font-awesome/css/fontawesome.min52d5.css]
[codeefly.net/wp/zyan/wp-content/plugins/elementor/assets/lib/font-awesome/css/solid.min52d5.css]
[codeefly.net/wp/zyan/wp-content/plugins/cf-core/assets/css/fontawesome-all.min8a54.css]
[codeefly.net/wp/zyan/wp-includes/js/jquery/jquery.minf43b.js]
[codeefly.net/wp/zyan/wp-includes/js/jquery/jquery-migrate.min5589.js]
[codeefly.net/wp/zyan/wp-json/wp/v2/pages/346.json]
[codeefly.net/wp/zyan/wp-json/index.html]
[codeefly.net/wp/zyan/xmlrpc0db0.php]
[codeefly.net/wp/zyan/wp-json/oembed/1.0/embed0c8d.json]
[codeefly.net/wp/zyan/wp-json/oembed/1.0/embedcec3]
[codeefly.net/wp/zyan/wp-content/uploads/2023/10/cropped-favicon-32x32.png]
[codeefly.net/wp/zyan/wp-content/uploads/2023/10/cropped-favicon-192x192.png]
[codeefly.net/wp/zyan/wp-content/uploads/2023/10/cropped-favicon-180x180.png]
[codeefly.net/wp/zyan/wp-content/fonts/poppins/pxiEyp8kv8JHgFVrJJbedHFHGPezSQ.woff]
[codeefly.net/wp/zyan/wp-content/fonts/poppins/pxiEyp8kv8JHgFVrJJnedHFHGPezSQ.woff]
[codeefly.net/wp/zyan/wp-content/fonts/poppins/pxiEyp8kv8JHgFVrJJfedHFHGPc.woff]
[codeefly.net/wp/zyan/wp-content/themes/zyan/assets/img/logo/logo.png]
[codeefly.net/wp/zyan/wp-content/uploads/2023/10/banner-scaled.jpg]
[codeefly.net/wp/zyan/wp-content/uploads/2023/10/banner_img_1.png]
[codeefly.net/wp/zyan/wp-content/uploads/2023/10/about_img.jpg]
[codeefly.net/wp/zyan/wp-content/uploads/2023/10/1.jpg]
[codeefly.net/wp/zyan/wp-content/uploads/2023/10/2.jpg]
[codeefly.net/wp/zyan/wp-content/uploads/2023/10/5.png]
[codeefly.net/wp/zyan/wp-content/uploads/2023/10/4.jpg]
[codeefly.net/wp/zyan/one-page/index.html]
[codeefly.net/wp/zyan/wp-content/uploads/2023/10/1-1.jpg]
[codeefly.net/wp/zyan/wp-content/uploads/2023/10/2-1.jpg]
[codeefly.net/wp/zyan/wp-content/uploads/2023/10/list_2.jpg]
[codeefly.net/wp/zyan/wp-content/uploads/2023/10/list_1.jpg]
[codeefly.net/wp/zyan/home-3/index.html]
[codeefly.net/wp/zyan/wp-content/uploads/2023/10/subscribe-scaled.jpg]
[codeefly.net/wp/zyan/wp-content/uploads/2023/10/map-1.svg]
[codeefly.net/wp/zyan/wp-content/uploads/2023/10/phone-1.svg]
[codeefly.net/wp/zyan/1234567890]
[codeefly.net/wp/zyan/home-4/index.html]
[codeefly.net/wp/zyan/home-rtl/index.html]
[codeefly.net/wp/zyan/blog/index.html]
[codeefly.net/wp/zyan/the-standard-personal-my-portfolio-2/index.html]
[codeefly.net/wp/zyan/wp-content/uploads/2023/10/envelope-1.svg]
[codeefly.net/wp/zyan/contact/index.html]
[codeefly.net/wp/zyan/wp-content/plugins/contact-form-7/includes/swv/js/index080f.js]
[codeefly.net/wp/zyan/wp-content/plugins/contact-form-7/includes/js/index080f.js]
[codeefly.net/wp/zyan/the-standard-personal-my-portfolio/index.html]
[codeefly.net/wp/zyan/wp-content/themes/zyan/assets/js/scroll_button8a54.js]
[codeefly.net/wp/zyan/wp-content/themes/zyan/assets/js/sticky_sidebar8a54.js]
[codeefly.net/wp/zyan/wp-content/themes/zyan/assets/js/plugin8a54.js]
[codeefly.net/wp/zyan/empowering-your-business-with-innovative-solutions-revolutionizing-your-solutions/index.html]
[codeefly.net/wp/zyan/wp-content/themes/zyan/assets/js/animation8a54.js]
[codeefly.net/wp/zyan/wp-content/themes/zyan/assets/js/main8a54.js]
[codeefly.net/wp/zyan/wp-content/plugins/elementor/assets/js/webpack.runtime.min5d63.js]
[codeefly.net/wp/zyan/wp-content/plugins/elementor/assets/js/frontend-modules.min5d63.js]
[codeefly.net/wp/zyan/wp-content/plugins/elementor/assets/lib/waypoints/waypoints.min05da.js]
[codeefly.net/wp/zyan/wp-includes/js/jquery/ui/core.minb37e.js]
[codeefly.net/wp/zyan/wp-content/plugins/elementor/assets/js/frontend.min5d63.js]
[codeefly.net/wp/zyan/index.html]
[codeefly.net/wp/zyan/wp-includes/css/dist/block-library/style.min0899.css]
[codeefly.net/wp/zyan/wp-content/plugins/contact-form-7/includes/css/styles080f.css]
[codeefly.net/wp/zyan/wp-content/themes/zyan/assets/fonts/fa-brands-400.woff2]
[codeefly.net/wp/zyan/wp-content/themes/zyan/assets/fonts/fa-brands-400.ttf]
[codeefly.net/wp/zyan/wp-content/themes/zyan/assets/fonts/fa-duotone-900.woff2]
[codeefly.net/wp/zyan/wp-content/themes/zyan/assets/fonts/fa-duotone-900.ttf]
[codeefly.net/wp/zyan/wp-content/themes/zyan/assets/fonts/fa-light-300.woff2]
[codeefly.net/wp/zyan/wp-content/themes/zyan/assets/fonts/fa-regular-400.woff2]
[codeefly.net/wp/zyan/wp-content/themes/zyan/assets/fonts/fa-solid-900.woff2]
[codeefly.net/wp/zyan/wp-content/themes/zyan/assets/fonts/fa-light-300.ttf]
[codeefly.net/wp/zyan/wp-content/themes/zyan/assets/fonts/fa-regular-400.ttf]
[codeefly.net/wp/zyan/wp-content/themes/zyan/assets/fonts/fa-solid-900.ttf]
[codeefly.net/wp/zyan/wp-content/themes/zyan/assets/fonts/fa-thin-100.woff2]
[codeefly.net/wp/zyan/wp-content/themes/zyan/assets/fonts/fa-thin-100.ttf]
[codeefly.net/wp/zyan/wp-content/themes/zyan/assets/fonts/fa-v4compatibility.woff2]
[codeefly.net/wp/zyan/wp-content/themes/zyan/assets/fonts/fa-v4compatibility.ttf]
[codeefly.net/wp/zyan/wp-content/themes/zyan/assets/css/font-awesome-pro8a54.css]
[codeefly.net/wp/zyan/wp-content/themes/zyan/assets/fonts/iconsf5ae.ttf]
[codeefly.net/wp/zyan/wp-content/themes/zyan/assets/fonts/iconsf5ae.woff]
[codeefly.net/wp/zyan/wp-content/themes/zyan/assets/fonts/iconsf5ae.woff2]
[codeefly.net/wp/zyan/wp-content/themes/zyan/assets/css/iconsax-icon.min8a54.css]
[codeefly.net/wp/zyan/wp-content/themes/zyan/assets/css/bootstrap.min8a54.css]
[codeefly.net/wp/zyan/wp-content/themes/zyan/assets/css/scroll_button8a54.css]
[codeefly.net/wp/zyan/wp-content/themes/zyan/assets/css/plugin8a54.css]
[codeefly.net/wp/zyan/wp-content/themes/zyan/assets/css/spacing8a54.css]
[codeefly.net/wp/zyan/wp-content/themes/zyan/assets/css/zyan-unit8a54.css]
[codeefly.net/wp/zyan/wp-content/themes/zyan/assets/fonts/iconsf5ae.eot]
[codeefly.net/wp/zyan/wp-content/themes/zyan/assets/img/shapes/banner_shape.png]
[codeefly.net/wp/zyan/wp-content/themes/zyan/assets/img/icon/quot.png]
[codeefly.net/wp/zyan/wp-content/themes/zyan/assets/img/shapes/about_shapes.png]
[codeefly.net/wp/zyan/wp-content/themes/zyan/assets/img/skills_shape.png]
[codeefly.net/wp/zyan/wp-content/themes/zyan/assets/img/banner_shape_1.png]
[codeefly.net/wp/zyan/wp-content/themes/zyan/assets/css/zyan-core8a54.css]
[codeefly.net/wp/zyan/wp-content/themes/zyan/assets/css/responsive8a54.css]
[codeefly.net/wp/zyan/wp-content/themes/zyan/style8a54.css]
[codeefly.net/wp/zyan/wp-content/plugins/elementor/assets/lib/eicons/fonts/eicons9506.eot]
[codeefly.net/wp/zyan/wp-content/plugins/elementor/assets/lib/eicons/fonts/eicons9506.woff2]
[codeefly.net/wp/zyan/wp-content/plugins/elementor/assets/lib/eicons/fonts/eicons9506.woff]
[codeefly.net/wp/zyan/wp-content/plugins/elementor/assets/lib/eicons/fonts/eicons9506.ttf]
[codeefly.net/wp/zyan/wp-content/plugins/elementor/assets/lib/eicons/css/elementor-icons.min192d.css]
[codeefly.net/wp/zyan/wp-content/plugins/elementor/assets/css/frontend-lite.min5d63.css]
[codeefly.net/wp/zyan/wp-content/plugins/elementor/assets/lib/swiper/v8/css/swiper.min94a4.css]
[codeefly.net/wp/zyan/wp-content/uploads/elementor/css/post-802f1.css]
[codeefly.net/wp/zyan/wp-content/uploads/elementor/css/global02f1.css]
[codeefly.net/wp/zyan/wp-content/uploads/elementor/css/post-34602f1.css]
[codeefly.net/wp/zyan/wp-content/plugins/elementor/assets/lib/font-awesome/css/fontawesome.min52d5.css]
[codeefly.net/wp/zyan/wp-content/plugins/elementor/assets/lib/eicons/fonts/eicons9506.svg]
[codeefly.net/wp/zyan/wp-content/plugins/elementor/assets/lib/font-awesome/webfonts/fa-solid-900.eot]
[codeefly.net/wp/zyan/wp-content/plugins/elementor/assets/lib/font-awesome/webfonts/fa-solid-900d41d.eot]
[codeefly.net/wp/zyan/wp-content/plugins/elementor/assets/lib/font-awesome/webfonts/fa-solid-900.woff2]
[codeefly.net/wp/zyan/wp-content/plugins/elementor/assets/lib/font-awesome/webfonts/fa-solid-900.woff]
[codeefly.net/wp/zyan/wp-content/plugins/elementor/assets/lib/font-awesome/webfonts/fa-solid-900.ttf]
[codeefly.net/wp/zyan/wp-content/plugins/elementor/assets/lib/font-awesome/css/solid.min52d5.css]
[codeefly.net/wp/zyan/wp-content/plugins/cf-core/assets/css/fontawesome-all.min8a54.html]
[codeefly.net/wp/zyan/wp-content/plugins/elementor/assets/lib/font-awesome/webfonts/fa-solid-900.svg]
[codeefly.net/wp/zyan/wp-content/uploads/elementor/css/post-40063e9.css]
[codeefly.net/wp/zyan/wp-json/wp/v2/pages/400.json]
[codeefly.net/wp/zyan/wp-json/oembed/1.0/embed33de.json]
[codeefly.net/wp/zyan/wp-json/oembed/1.0/embed8e1f]
[codeefly.net/wp/zyan/one-page/index_2.html]
[codeefly.net/wp/zyan/wp-content/uploads/2023/10/banner_bg2.png]
[codeefly.net/wp/zyan/wp-content/uploads/2023/10/about_1.png]
[codeefly.net/wp/zyan/wp-content/uploads/2023/10/about_2.png]
[codeefly.net/wp/zyan/wp-content/uploads/2023/10/about_img_2.jpg]
[codeefly.net/wp/zyan/wp-content/uploads/2023/10/voice_phone-1.svg]
[codeefly.net/wp/zyan/wp-content/uploads/2023/10/map_issue-1.svg]
[codeefly.net/wp/zyan/wp-content/uploads/2023/10/send_mail.svg]
[codeefly.net/wp/zyan/one-page/index.html]
[codeefly.net/wp/zyan/wp-content/uploads/elementor/css/post-502251c.css]
[codeefly.net/wp/zyan/wp-json/wp/v2/pages/502.json]
[codeefly.net/wp/zyan/wp-json/oembed/1.0/embedd05f.json]
[codeefly.net/wp/zyan/wp-json/oembed/1.0/embedc01a]
[codeefly.net/wp/zyan/home-3/index.html]
[codeefly.net/wp/zyan/wp-content/uploads/elementor/css/post-507a25a.css]
[codeefly.net/wp/zyan/wp-json/wp/v2/pages/507.json]
[codeefly.net/wp/zyan/wp-json/oembed/1.0/embeddbcb.json]
[codeefly.net/wp/zyan/wp-json/oembed/1.0/embed27cb]
[codeefly.net/wp/zyan/wp-content/uploads/2024/01/20181014.mp4]
[codeefly.net/wp/zyan/home-4/index.html]
[codeefly.net/wp/zyan/wp-content/uploads/elementor/css/post-5127488.css]
[codeefly.net/wp/zyan/wp-json/wp/v2/pages/512.json]
[codeefly.net/wp/zyan/wp-json/oembed/1.0/embed68bb.json]
[codeefly.net/wp/zyan/wp-json/oembed/1.0/embede1e9]
[codeefly.net/wp/zyan/wp-content/uploads/2024/01/logo-rtl.png]
[codeefly.net/wp/zyan/home-rtl/index.html]
[codeefly.net/wp/zyan/empowering-your-business-with-innovative-solutions-revolutionizing-your-solutions-2/index.html]
[codeefly.net/wp/zyan/blog/page/2/index.html]
[codeefly.net/wp/zyan/category/business-advice/index.html]
[codeefly.net/wp/zyan/blog/index.html]
[codeefly.net/wp/zyan/category/devolopment/index.html]
[codeefly.net/wp/zyan/category/ui-ux-design/index.html]
[codeefly.net/wp/zyan/category/uncategorized/index.html]
[codeefly.net/wp/zyan/category/web-design/index.html]
[codeefly.net/wp/zyan/hello-world-2/index.html]
[codeefly.net/wp/zyan/hello-world/index.html]
[codeefly.net/wp/zyan/tag/graphics/index.html]
[codeefly.net/wp/zyan/wp-json/wp/v2/posts/585.json]
[codeefly.net/wp/zyan/tag/house/index.html]
[codeefly.net/wp/zyan/tag/shidtarx/index.html]
[codeefly.net/wp/zyan/tag/ui-ux/index.html]
[codeefly.net/wp/zyan/wp-json/oembed/1.0/embed8625.json]
[codeefly.net/wp/zyan/tag/ux-design/index.html]
[codeefly.net/wp/zyan/the-standard-personal-my-portfolio-2/feed/index.html]
[codeefly.net/wp/zyan/wp-json/oembed/1.0/embedb62f]
[codeefly.net/wp/zyan/author/zyan/index.html]
[codeefly.net/wp/zyan/wp-includes/js/comment-reply.min0899.js]
[codeefly.net/wp/zyan/the-standard-personal-my-portfolio-2/index.html]
[codeefly.net/wp/zyan/wp-content/uploads/elementor/css/post-3818ad3.css]
[codeefly.net/wp/zyan/wp-json/wp/v2/pages/381.json]
[codeefly.net/wp/zyan/wp-json/oembed/1.0/embed4d77.json]
[codeefly.net/wp/zyan/wp-json/oembed/1.0/embed031b]
[codeefly.net/wp/zyan/wp-content/uploads/2023/10/subscribe-1-scaled.jpg]
[codeefly.net/wp/zyan/contact/index.html]
[codeefly.net/wp/zyan/wp-json/wp/v2/posts/154.json]
[codeefly.net/wp/zyan/the-standard-personal-my-portfolio/feed/index.html]
[codeefly.net/wp/zyan/wp-json/oembed/1.0/embeda427.json]
[codeefly.net/wp/zyan/wp-json/oembed/1.0/embed1cea]
[codeefly.net/wp/zyan/the-standard-personal-my-portfolio/index.html]
[codeefly.net/wp/zyan/wp-json/wp/v2/posts/153.json]
[codeefly.net/wp/zyan/empowering-your-business-with-innovative-solutions-revolutionizing-your-solutions/feed/index.html]
[codeefly.net/wp/zyan/wp-json/oembed/1.0/embed2214.json]
[codeefly.net/wp/zyan/wp-json/oembed/1.0/embedbaff]
[codeefly.net/wp/zyan/empowering-your-business-with-innovative-solutions-revolutionizing-your-solutions/index.html]
[codeefly.net/wp/zyan/wp-content/uploads/2023/10/map-1.svg]
[codeefly.net/wp/zyan/wp-content/uploads/2023/10/phone-1.svg]
[codeefly.net/wp/zyan/1234567890.html]
[codeefly.net/wp/zyan/wp-content/uploads/2023/10/envelope-1.svg]
[codeefly.net/wp/zyan/wp-content/themes/zyan/assets/fonts/fa-duotone-900.html]
[codeefly.net/wp/zyan/wp-content/themes/zyan/assets/fonts/fa-duotone-901.html]
[codeefly.net/wp/zyan/wp-content/themes/zyan/assets/img/skills_shape.html]
[codeefly.net/wp/zyan/wp-content/themes/zyan/assets/img/banner_shape_1.html]
[codeefly.net/wp/zyan/wp-content/plugins/elementor/assets/lib/eicons/fonts/eicons9506.svg]
[codeefly.net/wp/zyan/wp-content/plugins/elementor/assets/lib/font-awesome/webfonts/fa-solid-900.svg]
[codeefly.net/wp/zyan/wp-content/uploads/elementor/css/post-40063e9.css]
[codeefly.net/wp/zyan/index2d8c.html]
[codeefly.net/wp/zyan/one-page/index_2.html]
[codeefly.net/wp/zyan/wp-content/uploads/2023/10/voice_phone-1.svg]
[codeefly.net/wp/zyan/wp-content/uploads/2023/10/map_issue-1.svg]
[codeefly.net/wp/zyan/wp-content/uploads/2023/10/send_mail.svg]
[codeefly.net/wp/zyan/wp-content/uploads/elementor/css/post-502251c.css]
[codeefly.net/wp/zyan/indexda6e.html]
[codeefly.net/wp/zyan/wp-content/uploads/elementor/css/post-507a25a.css]
[codeefly.net/wp/zyan/indexcfe8.html]
[codeefly.net/wp/zyan/wp-content/uploads/elementor/css/post-5127488.css]
[codeefly.net/wp/zyan/indexb87d.html]
[codeefly.net/wp/zyan/wp-json/wp/v2/posts/584.json]
[codeefly.net/wp/zyan/empowering-your-business-with-innovative-solutions-revolutionizing-your-solutions-2/feed/index.html]
[codeefly.net/wp/zyan/wp-json/oembed/1.0/embed82bc.json]
[codeefly.net/wp/zyan/wp-json/oembed/1.0/embed267a]
[codeefly.net/wp/zyan/empowering-your-business-with-innovative-solutions-revolutionizing-your-solutions-2/index.html]
[codeefly.net/wp/zyan/wp-content/uploads/2023/10/list_3.jpg]
[codeefly.net/wp/zyan/blog/page/2/1234567890]
[codeefly.net/wp/zyan/blog/page/2/index.html]
[codeefly.net/wp/zyan/wp-json/wp/v2/categories/8.json]
[codeefly.net/wp/zyan/category/business-advice/feed/index.html]
[codeefly.net/wp/zyan/category/business-advice/1234567890]
[codeefly.net/wp/zyan/category/business-advice/index.html]
[codeefly.net/wp/zyan/wp-json/wp/v2/categories/10.json]
[codeefly.net/wp/zyan/category/devolopment/feed/index.html]
[codeefly.net/wp/zyan/category/devolopment/1234567890]
[codeefly.net/wp/zyan/category/devolopment/index.html]
[codeefly.net/wp/zyan/wp-json/wp/v2/categories/13.json]
[codeefly.net/wp/zyan/category/ui-ux-design/feed/index.html]
[codeefly.net/wp/zyan/category/ui-ux-design/1234567890]
[codeefly.net/wp/zyan/category/ui-ux-design/index.html]
[codeefly.net/wp/zyan/wp-json/wp/v2/categories/1.json]
[codeefly.net/wp/zyan/category/uncategorized/feed/index.html]
[codeefly.net/wp/zyan/category/uncategorized/1234567890]
[codeefly.net/wp/zyan/category/uncategorized/index.html]
[codeefly.net/wp/zyan/wp-json/wp/v2/categories/9.json]
[codeefly.net/wp/zyan/category/web-design/feed/index.html]
[codeefly.net/wp/zyan/category/web-design/1234567890]
[codeefly.net/wp/zyan/category/web-design/index.html]
[codeefly.net/wp/zyan/wp-json/wp/v2/posts/572.json]
[codeefly.net/wp/zyan/hello-world-2/feed/index.html]
[codeefly.net/wp/zyan/wp-json/oembed/1.0/embedcd4f.json]
[codeefly.net/wp/zyan/wp-json/oembed/1.0/embedf94f]
[codeefly.net/wp/zyan/hello-world-2/indexfa40.html]
[codeefly.net/wp/zyan/hello-world-2/index.html]
[codeefly.net/wp/zyan/wp-json/wp/v2/posts/1.json]
[codeefly.net/wp/zyan/hello-world/feed/index.html]
[codeefly.net/wp/zyan/wp-json/oembed/1.0/embed0e32.json]
[codeefly.net/wp/zyan/wp-json/oembed/1.0/embed6a03]
[codeefly.net/wp/zyan/hello-world/index6809.html]
[codeefly.net/wp/zyan/hello-world/index.html]
[codeefly.net/wp/zyan/wp-json/wp/v2/tags/2.json]
[codeefly.net/wp/zyan/tag/graphics/feed/index.html]
[codeefly.net/wp/zyan/tag/graphics/1234567890]
[codeefly.net/wp/zyan/tag/graphics/index.html]
[codeefly.net/wp/zyan/wp-json/wp/v2/tags/5.json]
[codeefly.net/wp/zyan/tag/house/feed/index.html]
[codeefly.net/wp/zyan/tag/house/1234567890]
[codeefly.net/wp/zyan/tag/house/index.html]
[codeefly.net/wp/zyan/wp-json/wp/v2/tags/6.json]
[codeefly.net/wp/zyan/tag/shidtarx/feed/index.html]
[codeefly.net/wp/zyan/tag/shidtarx/1234567890]
[codeefly.net/wp/zyan/tag/shidtarx/index.html]
[codeefly.net/wp/zyan/wp-json/wp/v2/tags/7.json]
[codeefly.net/wp/zyan/tag/ui-ux/feed/index.html]
[codeefly.net/wp/zyan/tag/ui-ux/1234567890]
[codeefly.net/wp/zyan/tag/ui-ux/index.html]
[codeefly.net/wp/zyan/wp-json/wp/v2/tags/3.json]
[codeefly.net/wp/zyan/tag/ux-design/feed/index.html]
[codeefly.net/wp/zyan/tag/ux-design/1234567890]
[codeefly.net/wp/zyan/tag/ux-design/index.html]
[codeefly.net/wp/zyan/index33e1.html]
[codeefly.net/wp/zyan/wp-json/wp/v2/users/1.json]
[codeefly.net/wp/zyan/author/zyan/feed/index.html]
[codeefly.net/wp/zyan/author/zyan/1234567890]
[codeefly.net/wp/zyan/author/zyan/index.html]
[codeefly.net/wp/zyan/wp-content/uploads/elementor/css/post-3818ad3.css]
[codeefly.net/wp/zyan/index1f38.html]
[codeefly.net/wp/zyan/index87e6.html]
[codeefly.net/wp/zyan/indexd7d8.html]
[wp.shsarker.xyz/zyan/wp-content/uploads/2023/10/breadcrumb.jpg]
[wp.shsarker.xyz/zyan/wp-content/uploads/2023/10/subscribe-scaled.jpg]
[codeefly.net/wp/zyan/index63e6.html]
[codeefly.net/wp/zyan/blog/page/1/index.html]
[codeefly.net/wp/zyan/blog/page/2/1234567890.html]
[codeefly.net/wp/zyan/category/business-advice/1234567890.html]
[codeefly.net/wp/zyan/category/devolopment/1234567890.html]
[codeefly.net/wp/zyan/category/ui-ux-design/1234567890.html]
[codeefly.net/wp/zyan/category/uncategorized/1234567890.html]
[codeefly.net/wp/zyan/category/web-design/1234567890.html]
[codeefly.net/wp/zyan/index273a.html]
[codeefly.net/wp/zyan/author/zyan/page/2/index.html]
[codeefly.net/wp/zyan/hello-world-2/indexfa40.html]
[codeefly.net/wp/zyan/indexcff1.html]
[codeefly.net/wp/zyan/hello-world/index6809.html]
[codeefly.net/wp/zyan/tag/graphics/1234567890.html]
[codeefly.net/wp/zyan/tag/house/1234567890.html]
[codeefly.net/wp/zyan/tag/shidtarx/1234567890.html]
[codeefly.net/wp/zyan/tag/ui-ux/1234567890.html]
[codeefly.net/wp/zyan/tag/ux-design/1234567890.html]
[codeefly.net/wp/zyan/author/zyan/page/2/1234567890]
[codeefly.net/wp/zyan/author/zyan/page/2/index.html]
[codeefly.net/wp/zyan/author/zyan/1234567890.html]
[codeefly.net/wp/zyan/author/zyan/page/1/index.html]
[codeefly.net/wp/zyan/author/zyan/page/2/1234567890.html]
[wp.shsarker.xyz/zyan/wp-content/uploads/2023/10/details_big_2-300x212.jpg]
[wp.shsarker.xyz/zyan/wp-content/uploads/2023/10/details_big_1-300x212.jpg]
